[
    {
        "name": "CloudNotify",
        "properties": [
            {
                "type": {
                    "name": "string"
                },
                "name": "id"
            },
            {
                "type": {
                    "name": "string"
                },
                "name": "fcmToken"
            }
        ]
    },
    {
        "name": "FullName",
        "properties": [
            {
                "type": {
                    "name": "string"
                },
                "name": "firstName"
            },
            {
                "type": {
                    "name": "string"
                },
                "name": "lastName"
            }
        ]
    },
    {
        "name": "Profile",
        "properties": [
            {
                "type": {
                    "types": [
                        {
                            "name": "FullName"
                        },
                        {
                            "name": "null"
                        }
                    ]
                },
                "name": "name"
            },
            {
                "type": {
                    "name": "int"
                },
                "name": "age"
            }
        ]
    },
    {
        "name": "TestCreate",
        "properties": [
            {
                "type": {
                    "name": "int"
                },
                "name": "age"
            },
            {
                "type": {
                    "types": [
                        {
                            "name": "string"
                        },
                        {
                            "name": "null"
                        }
                    ]
                },
                "name": "name"
            },
            {
                "type": {
                    "name": "float"
                },
                "name": "latitude"
            },
            {
                "type": {
                    "name": "float"
                },
                "name": "longitude"
            },
            {
                "type": {
                    "name": "array"
                },
                "name": "achievements"
            },
            {
                "type": {
                    "name": "mixed"
                },
                "name": "mixed"
            },
            {
                "type": {
                    "types": [
                        {
                            "name": "bool"
                        },
                        {
                            "name": "null"
                        }
                    ]
                },
                "name": "isApproved"
            }
        ]
    },
    {
        "name": "UserCreate",
        "properties": [
            {
                "type": {
                    "name": "string"
                },
                "name": "id"
            },
            {
                "type": {
                    "types": [
                        {
                            "name": "Profile"
                        },
                        {
                            "name": "null"
                        }
                    ]
                },
                "name": "profile"
            }
        ]
    }
]
