export type UserCreate = {
  name: string;
  age: number | string | number;
  isApproved: boolean | null;
  latitude: number;
  longitude: number;
  achievements: any[];
  mixed: any;
};

export type CloudNotify = {
  id: string;
  fcmToken: string;
};

